Mono path[0] = 'C:/Program Files (x86)/Steam/steamapps/common/Valheim/valheim_Data/Managed'
Mono config path = 'C:/Program Files (x86)/Steam/steamapps/common/Valheim/MonoBleedingEdge/etc'
[PhysX] Initialized MultithreadedTaskDispatcher with 24 workers.
Initialize engine version: 2022.3.50f1 (c3db7f8bf9b1)
[Subsystems] Discovering subsystems at path C:/Program Files (x86)/Steam/steamapps/common/Valheim/valheim_Data/UnitySubsystems
GfxDevice: creating device client; threaded=1; jobified=0
Direct3D:
    Version:  Direct3D 11.0 [level 11.1]
    Renderer: NVIDIA GeForce RTX 3070 (ID=0x2484)
    Vendor:   NVIDIA
    VRAM:     8018 MB
    Driver:   32.0.15.8088
Begin MonoManager ReloadAssembly
- Loaded All Assemblies, in  0.146 seconds
- Finished resetting the current domain, in  0.001 seconds
<RI> Initializing input.
New input system (experimental) initialized
Using Windows.Gaming.Input
<RI> Input initialized.
<RI> Initialized touch support.
[PhysX] Initialized MultithreadedTaskDispatcher with 24 workers.
UnloadTime: 0.683100 ms
09/07/2025 19:15:03: Using environment steamid 892970
09/07/2025 19:15:03: Using steam APPID:892970
09/07/2025 19:15:03: Authentication:k_ESteamNetworkingAvailability_Attempting
09/07/2025 19:15:03: Platform doesn't implement Process Lifetime Management! Don't initialize suspend manager.
09/07/2025 19:15:03: Initialized platform!
09/07/2025 19:15:03: Platform doesn't implement matchmaking! Don't initialize matchmaking manager.
09/07/2025 19:15:04: All files in local storage save data:
C:/Users/hugog/AppData/LocalLow/IronGate/Valheim\adminlist.txt (40)
C:/Users/hugog/AppData/LocalLow/IronGate/Valheim\bannedlist.txt (41)
C:/Users/hugog/AppData/LocalLow/IronGate/Valheim\permittedlist.txt (43)
C:/Users/hugog/AppData/LocalLow/IronGate/Valheim\Player-prev.log (38877)
C:/Users/hugog/AppData/LocalLow/IronGate/Valheim\Player.log (1501)
09/07/2025 19:15:04: All files in platform save data:
characters/el sabio_backup_auto-20221221203650.fch (16826456)
characters/el sabio_backup_auto-20221222195110.fch (16827272)
characters/el sabio_backup_auto-20221223002649.fch (16827531)
characters/el sabio_backup_auto-20221224162018.fch (16827162)
serverlist/favorite (88)
serverlist/favorite.old (88)
serverlist/recent (51)
serverlist/recent.old (51)
worlds/cabron.db.old (59071414)
worlds/cabron.fwl.old (42)
worlds/cabron_backup_restore-20221211-193710.db (64619982)
worlds/cabron_backup_restore-20221211-193710.fwl (42)
worlds/copia.fwl.old (41)
worlds/copia_backup_auto-20221213031707.fwl (41)
09/07/2025 19:15:04: Set background loading budget to Low
09/07/2025 19:15:04: Loading first scene
Unloading 4 Unused Serialized files (Serialized files now loaded: 8)
[PhysX] Initialized MultithreadedTaskDispatcher with 24 workers.
UnloadTime: 0.211700 ms
09/07/2025 19:15:04: Fetching PlatformPrefs 'GuiScale' before loading defaults
09/07/2025 19:15:04: Fetching PlatformPrefs 'GuiScale' before loading defaults
09/07/2025 19:15:04: Fetching PlatformPrefs 'ControllerLayout' before loading defaults
09/07/2025 19:15:04: Fetching PlatformPrefs 'ControllerLayout' before loading defaults
09/07/2025 19:15:04: Initializing loading indicator instance
Unloading 173 unused Assets to reduce memory usage. Loaded Objects now: 2253.
Total: 2.202800 ms (FindLiveObjects: 0.189600 ms CreateObjectMapping: 0.043400 ms MarkObjects: 1.856400 ms  DeleteObjects: 0.113300 ms)

09/07/2025 19:15:04: Starting to load scene:start.unity (169d7618616154c03be07e9ad3af5893)
09/07/2025 19:15:04: Set background loading budget to Normal
09/07/2025 19:15:04: Loaded localization file #0 - 'localization' language: 'English'
09/07/2025 19:15:04: Loaded localization file #1 - 'localization_extra' language: 'English'
09/07/2025 19:15:04: Loaded localization file #2 - 'heightmap_message' language: 'English'
09/07/2025 19:15:04: Loaded localization file #3 - 'localization_witch' language: 'English'
09/07/2025 19:15:04: Loaded localization file #4 - 'localization_emotes' language: 'English'
09/07/2025 19:15:04: Loaded localization file #5 - 'localization_ashlands' language: 'English'
09/07/2025 19:15:04: Loaded localization file #6 - 'localization_captions' language: 'English'
09/07/2025 19:15:04: Loaded localization file #0 - 'localization' language: 'English'
09/07/2025 19:15:04: Loaded localization file #1 - 'localization_extra' language: 'English'
09/07/2025 19:15:04: Loaded localization file #2 - 'heightmap_message' language: 'English'
09/07/2025 19:15:04: Loaded localization file #3 - 'localization_witch' language: 'English'
09/07/2025 19:15:04: Loaded localization file #4 - 'localization_emotes' language: 'English'
09/07/2025 19:15:04: Loaded localization file #5 - 'localization_ashlands' language: 'English'
09/07/2025 19:15:04: Loaded localization file #6 - 'localization_captions' language: 'English'
Couldn't create a Convex Mesh from source mesh "default" within the maximum polygons limit (256). The partial hull will be used. Consider simplifying your mesh.
The referenced script on this Behaviour (Game Object '<null>') is missing!
Couldn't create a Convex Mesh from source mesh "default" within the maximum polygons limit (256). The partial hull will be used. Consider simplifying your mesh.
The referenced script on this Behaviour (Game Object '<null>') is missing!
The referenced script on this Behaviour (Game Object '<null>') is missing!
Unloading 3 Unused Serialized files (Serialized files now loaded: 16)
09/07/2025 19:15:08: Set background loading budget to High
09/07/2025 19:15:08: Destroying loading indicator instance
09/07/2025 19:15:08: Set background loading budget to Low
[PhysX] Initialized MultithreadedTaskDispatcher with 24 workers.
UnloadTime: 6.321700 ms
Only custom filters can be played. Please add a custom filter or an audioclip to the audiosource (Amb_MainMenu).
09/07/2025 19:15:08: Missing audio clip in music respawn
09/07/2025 19:15:08: Steam initialized, persona:pericomando
09/07/2025 19:15:08: Using default prefs
09/07/2025 19:15:08: Valheim version: 0.220.5 (network version 34)
Trying to set graphic mode to 'Custom'
Graphic mode 'Custom' is not or no longer supported. Fallback to default mode for platform...
Graphic mode 'Custom' applied!
09/07/2025 19:15:08: Worldgenerator version setup:2
09/07/2025 19:15:08: Render threading mode:MultiThreaded
09/07/2025 19:15:08: Checking for installed DLCs
09/07/2025 19:15:08: DLC:beta installed:False
09/07/2025 19:15:08: Builder started
09/07/2025 19:15:09: Sending PlayFab login request (attempt 1)
09/07/2025 19:15:09: Starting music menu
Unloading 87562 unused Assets to reduce memory usage. Loaded Objects now: 201238.
Total: 105.408600 ms (FindLiveObjects: 13.463400 ms CreateObjectMapping: 20.920900 ms MarkObjects: 42.285800 ms  DeleteObjects: 28.738100 ms)

09/07/2025 19:15:09: Session auth respons callback
09/07/2025 19:15:10: Logged in PlayFab user via Steam auth session ticket
09/07/2025 19:15:10: PlayFab local entity ID is 8A631FE385EEB1CB
09/07/2025 19:15:10: Released session ticket
09/07/2025 19:15:17: show character selection
09/07/2025 19:15:18: OnCharacterStart
09/07/2025 19:15:28: Button pressed Start  frame:1329
09/07/2025 19:15:29: Loading main scene
The referenced script on this Behaviour (Game Object '<null>') is missing!
Unloading 3 Unused Serialized files (Serialized files now loaded: 17)
[PhysX] Initialized MultithreadedTaskDispatcher with 24 workers.
UnloadTime: 13.280600 ms
09/07/2025 19:15:29: Audioman already exist, destroying self
09/07/2025 19:15:29: Steam initialized, persona:pericomando
09/07/2025 19:15:29: Using default prefs
09/07/2025 19:15:29: Loading player profile el sabio
09/07/2025 19:15:29: isModded: False
09/07/2025 19:15:29: Zonesystem Awake 1420
09/07/2025 19:15:29: DungeonDB Awake 1420
09/07/2025 19:15:29: Steam initialized, persona:pericomando
09/07/2025 19:15:29: Worldgenerator version setup:1
09/07/2025 19:15:32: Checking for installed DLCs
09/07/2025 19:15:32: DLC:beta installed:False
Unloading 370 unused Assets to reduce memory usage. Loaded Objects now: 199210.
Total: 83.427700 ms (FindLiveObjects: 9.268900 ms CreateObjectMapping: 14.347400 ms MarkObjects: 59.230000 ms  DeleteObjects: 0.581200 ms)

09/07/2025 19:15:32: Zonesystem Start 1420
09/07/2025 19:15:32: Added 3 locations, 0 vegetations, 0 environments, 0 biome env-setups, 0 clutter  from main
09/07/2025 19:15:32: Added 1 locations, 0 vegetations, 2 environments, 0 biome env-setups, 0 clutter  from main
09/07/2025 19:15:32: Added 27 locations, 25 vegetations, 5 environments, 1 biome env-setups, 3 clutter  from main
09/07/2025 19:15:32: Added 4 locations, 0 vegetations, 1 environments, 0 biome env-setups, 0 clutter  from main
09/07/2025 19:15:32: Added 25 locations, 33 vegetations, 8 environments, 2 biome env-setups, 2 clutter  from main
09/07/2025 19:15:32: DungeonDB Start 1420
09/07/2025 19:15:32: ZRpc timeout set to 30s 
09/07/2025 19:15:32: ZNET START
09/07/2025 19:15:32: Load world: cabron (cabron)
09/07/2025 19:15:32: Loading 455165 zdos, my sessionID: 160479007, data version: 35
09/07/2025 19:15:32: Loading in ZDOs
09/07/2025 19:15:33: Adding to Dictionary
09/07/2025 19:15:33: Adding to Sectors
09/07/2025 19:15:33: Connecting Portals, Spawners & ZSyncTransforms
ConnectPortals => Connected 9 portals.
ConnectSpawners => Connected 387 spawners and 802 'done' spawners.
09/07/2025 19:15:33: Loaded 11263 locations
09/07/2025 19:15:33: Unloading unused assets
Unloading 1 Unused Serialized files (Serialized files now loaded: 17)
09/07/2025 19:15:33: Registering lobby
09/07/2025 19:15:33: New session server "cabron" that has join code , now 1 player(s)
09/07/2025 19:15:33: Register PlayFab server "cabron"
09/07/2025 19:15:33: Server 'cabron' begin PlayFab create and join network for server 
09/07/2025 19:15:33: Semaphore type: SemaphoreSlim
09/07/2025 19:15:33: Opened PlayFab server
Am I Host? True
09/07/2025 19:15:33: Starting respawn
09/07/2025 19:15:34: Loading minimap textures done [343ms]
09/07/2025 19:15:34: Minimap: unpacking compressed mapData 36058 => 8390701 bytes
09/07/2025 19:15:34: tip:$loadscreen_tip01
09/07/2025 19:15:34: Initializing loading indicator instance
Unloading 4 unused Assets to reduce memory usage. Loaded Objects now: 199273.
Total: 125.494400 ms (FindLiveObjects: 9.734600 ms CreateObjectMapping: 12.467200 ms MarkObjects: 102.737700 ms  DeleteObjects: 0.554400 ms)

09/07/2025 19:15:34: Lobby was created k_EResultOK  109775243212751977  error:False
09/07/2025 19:15:34: Got requested lobby data
09/07/2025 19:15:34: Got requested lobby data
09/07/2025 19:15:35: Joined PlayFab Party network with ID "a3d0834d-1cf4-4ec6-8443-279ef2a53150|AwC9SIos+7HT40Pd8EmIfABoeG+3O1dlc3RFdXJvcGUAAAAAAAAAAAAA0XpOzK1HsZ7ePtMtjxuHubUyCSBiJgZOFAOCr+G4UKQwCk9kbnMtaXIwLTgxZTUtMzA2OTg4NmEtYTk1ZC00MzJhLTg4ZDktNmQ5MjJmYjRlNzdmLndlc3RldXJvcGUuY2xvdWRhcHAuYXp1cmUuY29t"
This is the serverIP used to register the server: 
09/07/2025 19:15:36: Created PlayFab lobby with ID "92eaa2ed-d4ec-456a-9d30-3f4eb25a98e7.r-20230509", ConnectionString "cv2:92eaa2ed-d4ec-456a-9d30-3f4eb25a98e7.r-20230509|451107|kv1:lEoUPG74+k+hpu4wgKQ+kE8X3A3dwv5d3VwXl1ires0=" and owned by "8A631FE385EEB1CB"
09/07/2025 19:15:36: Session "cabron" registered with join code 294975
09/07/2025 19:15:36: Retry join-code check 99
09/07/2025 19:15:37: Retry join-code check 98
09/07/2025 19:15:38: Retry join-code check 97
09/07/2025 19:15:40: Session "cabron" with join code 294975 is active with 1 player(s)
09/07/2025 19:15:42: Spawned after 8,019994
09/07/2025 19:15:42: Character ID for player ([El Sabio, 0:0], [pericomando, 0:0], pericomando) was 0:0. Skipping.
09/07/2025 19:15:42: Skipping unloading unused assets
09/07/2025 19:15:42: Minimap: Adding unique location (-377.74, 33.69, -451.42)
09/07/2025 19:15:42: Minimap: Adding unique location (-1615.36, 35.12, 172.06)
09/07/2025 19:15:44: Starting music plains
09/07/2025 19:15:44: Resumed music plains at 0
09/07/2025 19:15:49: Activating default element Continue
09/07/2025 19:15:54: Skipping unloading unused assets
1920 x 1080 @ 60Hz
09/07/2025 19:16:43: Activating default element MasterVolume
Trying to set graphic mode to 'Custom'
Graphic mode 'Custom' applied!
09/07/2025 19:17:18: Activating default element MasterVolume
09/07/2025 19:17:18: Activating default element Continue
09/07/2025 19:17:22: Activating default element Continue
Am I Host? True
Am I Host? True
09/07/2025 19:17:28: Available space to current user: 514772979712. Saving is blocked if below: 74558596 bytes. Warnings are given if below: 149117192
09/07/2025 19:17:28: Shutting down
09/07/2025 19:17:28: Minimap: compressed mapData 8390701 => 36058 bytes
09/07/2025 19:17:28: Considering autobackup. World time: 17,08, short time: 7200, long time: 43200, backup count: 4
09/07/2025 19:17:28: Skipping backup. World session not long enough.
09/07/2025 19:17:28: ZNet Shutdown
09/07/2025 19:17:29: PrepareSave: clone done in 50ms
09/07/2025 19:17:29: PrepareSave: ZDOExtraData.PrepareSave done in 81 ms
09/07/2025 19:17:29: World save writing starting
09/07/2025 19:17:29: World save writing started
09/07/2025 19:17:30: Saved 455165 ZDOs
09/07/2025 19:17:30: World save writing finishing
09/07/2025 19:17:30: World save writing finished
09/07/2025 19:17:30: World saved ( 1291,6673ms )
09/07/2025 19:17:30: Considering autobackup. World time: 17,08, short time: 7200, long time: 43200, backup count: 4
09/07/2025 19:17:30: Skipping backup. World session not long enough.
09/07/2025 19:17:30: Unloading unused assets
Unloading 2 Unused Serialized files (Serialized files now loaded: 18)
09/07/2025 19:17:30: Sending disconnect msg
ZPlayFabMatchmaking::UnregisterServer - unregistering server now. State: Active
09/07/2025 19:17:30: Unregister PlayFab server "cabron" and leaving network "a3d0834d-1cf4-4ec6-8443-279ef2a53150|AwC9SIos+7HT40Pd8EmIfABoeG+3O1dlc3RFdXJvcGUAAAAAAAAAAAAA0XpOzK1HsZ7ePtMtjxuHubUyCSBiJgZOFAOCr+G4UKQwCk9kbnMtaXIwLTgxZTUtMzA2OTg4NmEtYTk1ZC00MzJhLTg4ZDktNmQ5MjJmYjRlNzdmLndlc3RldXJvcGUuY2xvdWRhcHAuYXp1cmUuY29t"
ZPlayFabSocket::Dispose. State: LISTEN
ZPlayFabSocket::Dispose. leave lobby. LobbyId: 
ZPlayFabSocket::Dispose. State: CLOSED
09/07/2025 19:17:30: Local player destroyed
Unloading 69 unused Assets to reduce memory usage. Loaded Objects now: 199587.
Total: 176.200100 ms (FindLiveObjects: 10.449600 ms CreateObjectMapping: 13.124400 ms MarkObjects: 151.894900 ms  DeleteObjects: 0.730800 ms)

09/07/2025 19:17:30: Deactivated PlayFab lobby 92eaa2ed-d4ec-456a-9d30-3f4eb25a98e7.r-20230509
Unloading 1 Unused Serialized files (Serialized files now loaded: 19)
09/07/2025 19:17:30: ZNet OnDestroy
09/07/2025 19:17:30: Net scene destroyed
09/07/2025 19:17:31: Destroying loading indicator instance
[PhysX] Initialized MultithreadedTaskDispatcher with 24 workers.
UnloadTime: 14.830300 ms
Only custom filters can be played. Please add a custom filter or an audioclip to the audiosource (Amb_MainMenu).
09/07/2025 19:17:31: Audioman already exist, destroying self
09/07/2025 19:17:31: Steam initialized, persona:pericomando
09/07/2025 19:17:31: Using default prefs
09/07/2025 19:17:31: Valheim version: 0.220.5 (network version 34)
09/07/2025 19:17:31: Worldgenerator version setup:2
09/07/2025 19:17:31: Render threading mode:MultiThreaded
09/07/2025 19:17:31: Checking for installed DLCs
09/07/2025 19:17:31: DLC:beta installed:False
Unloading 1912 unused Assets to reduce memory usage. Loaded Objects now: 200494.
Total: 185.934300 ms (FindLiveObjects: 9.348800 ms CreateObjectMapping: 12.526900 ms MarkObjects: 162.248500 ms  DeleteObjects: 1.810000 ms)

09/07/2025 19:17:31: Got requested lobby data
09/07/2025 19:17:31: Starting music menu
09/07/2025 19:17:31: Left PlayFab lobby 92eaa2ed-d4ec-456a-9d30-3f4eb25a98e7.r-20230509
09/07/2025 19:17:32: Stopped music plains at 4778323
09/07/2025 19:19:32: Stopping build thread
09/07/2025 19:19:32: Steam manager on destroy
Memory Statistics:
[ALLOC_TEMP_TLS] TLS Allocator
  StackAllocators : 
    [ALLOC_TEMP_MAIN]
      Peak usage frame count: [2.0 KB-4.0 KB]: 223 frames, [4.0 KB-8.0 KB]: 4 frames, [8.0 KB-16.0 KB]: 8 frames, [16.0 KB-32.0 KB]: 8678 frames, [32.0 KB-64.0 KB]: 10549 frames, [64.0 KB-128.0 KB]: 105 frames, [128.0 KB-256.0 KB]: 1 frames, [256.0 KB-0.5 MB]: 42 frames, [1.0 MB-2.0 MB]: 2 frames, [4.0 MB-8.0 MB]: 5 frames
      Initial Block Size 4.0 MB
      Current Block Size 7.7 MB
      Peak Allocated Bytes 7.7 MB
      Overflow Count 113
    [ALLOC_TEMP_Job.Worker 18]
      Initial Block Size 256.0 KB
      Current Block Size 256.0 KB
      Peak Allocated Bytes 153.5 KB
      Overflow Count 0
    [ALLOC_TEMP_Loading.PreloadManager]
      Initial Block Size 256.0 KB
      Current Block Size 0.5 MB
      Peak Allocated Bytes 384.2 KB
      Overflow Count 266145
    [ALLOC_TEMP_Background Job.Worker 8]
      Initial Block Size 32.0 KB
      Current Block Size 32.0 KB
      Peak Allocated Bytes 54 B
      Overflow Count 0
    [ALLOC_TEMP_Background Job.Worker 10]
      Initial Block Size 32.0 KB
      Current Block Size 32.0 KB
      Peak Allocated Bytes 54 B
      Overflow Count 0
    [ALLOC_TEMP_Job.Worker 16]
      Initial Block Size 256.0 KB
      Current Block Size 256.0 KB
      Peak Allocated Bytes 153.5 KB
      Overflow Count 0
    [ALLOC_TEMP_Background Job.Worker 6]
      Initial Block Size 32.0 KB
      Current Block Size 32.0 KB
      Peak Allocated Bytes 54 B
      Overflow Count 0
    [ALLOC_TEMP_Job.Worker 4]
      Initial Block Size 256.0 KB
      Current Block Size 256.0 KB
      Peak Allocated Bytes 153.5 KB
      Overflow Count 0
    [ALLOC_TEMP_Job.Worker 14]
      Initial Block Size 256.0 KB
      Current Block Size 256.0 KB
      Peak Allocated Bytes 153.5 KB
      Overflow Count 0
    [ALLOC_TEMP_Job.Worker 17]
      Initial Block Size 256.0 KB
      Current Block Size 256.0 KB
      Peak Allocated Bytes 153.5 KB
      Overflow Count 0
    [ALLOC_TEMP_Job.Worker 3]
      Initial Block Size 256.0 KB
      Current Block Size 256.0 KB
      Peak Allocated Bytes 88.2 KB
      Overflow Count 0
    [ALLOC_TEMP_Background Job.Worker 12]
      Initial Block Size 32.0 KB
      Current Block Size 32.0 KB
      Peak Allocated Bytes 54 B
      Overflow Count 0
    [ALLOC_TEMP_Background Job.Worker 1]
      Initial Block Size 32.0 KB
      Current Block Size 32.0 KB
      Peak Allocated Bytes 19.5 KB
      Overflow Count 1
    [ALLOC_TEMP_AssetGarbageCollectorHelper] x 23
      Initial Block Size 64.0 KB
      Current Block Size 64.0 KB
      Peak Allocated Bytes 138 B
      Overflow Count 0
    [ALLOC_TEMP_NavMesh Builder.Worker 0]
      Initial Block Size 64.0 KB
      Current Block Size 64.0 KB
      Peak Allocated Bytes 54 B
      Overflow Count 0
    [ALLOC_TEMP_Background Job.Worker 5]
      Initial Block Size 32.0 KB
      Current Block Size 32.0 KB
      Peak Allocated Bytes 54 B
      Overflow Count 0
    [ALLOC_TEMP_Background Job.Worker 13]
      Initial Block Size 32.0 KB
      Current Block Size 32.0 KB
      Peak Allocated Bytes 54 B
      Overflow Count 0
    [ALLOC_TEMP_Background Job.Worker 11]
      Initial Block Size 32.0 KB
      Current Block Size 32.0 KB
      Peak Allocated Bytes 54 B
      Overflow Count 0
    [ALLOC_TEMP_Job.Worker 2]
      Initial Block Size 256.0 KB
      Current Block Size 256.0 KB
      Peak Allocated Bytes 153.5 KB
      Overflow Count 0
    [ALLOC_TEMP_Background Job.Worker 3]
      Initial Block Size 32.0 KB
      Current Block Size 32.0 KB
      Peak Allocated Bytes 324 B
      Overflow Count 0
    [ALLOC_TEMP_Background Job.Worker 0]
      Initial Block Size 32.0 KB
      Current Block Size 32.0 KB
      Peak Allocated Bytes 54 B
      Overflow Count 0
    [ALLOC_TEMP_Job.Worker 20]
      Initial Block Size 256.0 KB
      Current Block Size 256.0 KB
      Peak Allocated Bytes 153.5 KB
      Overflow Count 0
    [ALLOC_TEMP_HIDInput]
      Initial Block Size 64.0 KB
      Current Block Size 64.0 KB
      Peak Allocated Bytes 10.8 KB
      Overflow Count 0
    [ALLOC_TEMP_Job.Worker 11]
      Initial Block Size 256.0 KB
      Current Block Size 256.0 KB
      Peak Allocated Bytes 88.2 KB
      Overflow Count 0
    [ALLOC_TEMP_Background Job.Worker 4]
      Initial Block Size 32.0 KB
      Current Block Size 32.0 KB
      Peak Allocated Bytes 324 B
      Overflow Count 0
    [ALLOC_TEMP_BatchDeleteObjects]
      Initial Block Size 64.0 KB
      Current Block Size 64.0 KB
      Peak Allocated Bytes 54 B
      Overflow Count 0
    [ALLOC_TEMP_Background Job.Worker 9]
      Initial Block Size 32.0 KB
      Current Block Size 32.0 KB
      Peak Allocated Bytes 54 B
      Overflow Count 0
    [ALLOC_TEMP_Job.Worker 0]
      Initial Block Size 256.0 KB
      Current Block Size 256.0 KB
      Peak Allocated Bytes 153.5 KB
      Overflow Count 0
    [ALLOC_TEMP_Job.Worker 21]
      Initial Block Size 256.0 KB
      Current Block Size 256.0 KB
      Peak Allocated Bytes 153.5 KB
      Overflow Count 0
    [ALLOC_TEMP_Job.Worker 5]
      Initial Block Size 256.0 KB
      Current Block Size 256.0 KB
      Peak Allocated Bytes 153.5 KB
      Overflow Count 0
    [ALLOC_TEMP_Job.Worker 6]
      Initial Block Size 256.0 KB
      Current Block Size 256.0 KB
      Peak Allocated Bytes 153.5 KB
      Overflow Count 0
    [ALLOC_TEMP_Background Job.Worker 14]
      Initial Block Size 32.0 KB
      Current Block Size 32.0 KB
      Peak Allocated Bytes 54 B
      Overflow Count 0
    [ALLOC_TEMP_Job.Worker 13]
      Initial Block Size 256.0 KB
      Current Block Size 256.0 KB
      Peak Allocated Bytes 153.5 KB
      Overflow Count 0
    [ALLOC_TEMP_EnlightenWorker] x 12
      Initial Block Size 64.0 KB
      Current Block Size 64.0 KB
      Peak Allocated Bytes 54 B
      Overflow Count 0
    [ALLOC_TEMP_Background Job.Worker 15]
      Initial Block Size 32.0 KB
      Current Block Size 32.0 KB
      Peak Allocated Bytes 54 B
      Overflow Count 0
    [ALLOC_TEMP_Background Job.Worker 2]
      Initial Block Size 32.0 KB
      Current Block Size 32.0 KB
      Peak Allocated Bytes 3.4 KB
      Overflow Count 0
    [ALLOC_TEMP_Background Job.Worker 7]
      Initial Block Size 32.0 KB
      Current Block Size 32.0 KB
      Peak Allocated Bytes 54 B
      Overflow Count 0
    [ALLOC_TEMP_Job.Worker 22]
      Initial Block Size 256.0 KB
      Current Block Size 256.0 KB
      Peak Allocated Bytes 153.5 KB
      Overflow Count 0
    [ALLOC_TEMP_UnityGfxDeviceWorker]
      Initial Block Size 256.0 KB
      Current Block Size 256.0 KB
      Peak Allocated Bytes 51.1 KB
      Overflow Count 2
    [ALLOC_TEMP_Job.Worker 9]
      Initial Block Size 256.0 KB
      Current Block Size 256.0 KB
      Peak Allocated Bytes 153.5 KB
      Overflow Count 0
    [ALLOC_TEMP_Job.Worker 8]
      Initial Block Size 256.0 KB
      Current Block Size 256.0 KB
      Peak Allocated Bytes 153.5 KB
      Overflow Count 0
    [ALLOC_TEMP_Job.Worker 7]
      Initial Block Size 256.0 KB
      Current Block Size 256.0 KB
      Peak Allocated Bytes 88.2 KB
      Overflow Count 0
    [ALLOC_TEMP_Job.Worker 1]
      Initial Block Size 256.0 KB
      Current Block Size 256.0 KB
      Peak Allocated Bytes 153.5 KB
      Overflow Count 0
    [ALLOC_TEMP_Job.Worker 10]
      Initial Block Size 256.0 KB
      Current Block Size 256.0 KB
      Peak Allocated Bytes 153.5 KB
      Overflow Count 0
    [ALLOC_TEMP_Job.Worker 15]
      Initial Block Size 256.0 KB
      Current Block Size 256.0 KB
      Peak Allocated Bytes 153.5 KB
      Overflow Count 0
    [ALLOC_TEMP_Job.Worker 19]
      Initial Block Size 256.0 KB
      Current Block Size 256.0 KB
      Peak Allocated Bytes 153.5 KB
      Overflow Count 0
    [ALLOC_TEMP_Job.Worker 12]
      Initial Block Size 256.0 KB
      Current Block Size 256.0 KB
      Peak Allocated Bytes 153.5 KB
      Overflow Count 0
    [ALLOC_TEMP_Loading.AsyncRead]
      Initial Block Size 64.0 KB
      Current Block Size 128.0 KB
      Peak Allocated Bytes 127.6 KB
      Overflow Count 0
[ALLOC_DEFAULT] Dual Thread Allocator
  Peak main deferred allocation count 6963
    [ALLOC_BUCKET]
      Large Block size 4.0 MB
      Used Block count 1
      Peak Allocated bytes 4.0 MB
      Failed Allocations. Bucket layout:
        16B: 2 Subsections = 2048 buckets. Failed count: 547130
        32B: 14 Subsections = 7168 buckets. Failed count: 158721
        48B: 29 Subsections = 9898 buckets. Failed count: 548430
        64B: 47 Subsections = 12032 buckets. Failed count: 185543
        80B: 43 Subsections = 8806 buckets. Failed count: 50857
        96B: 108 Subsections = 18432 buckets. Failed count: 58034
        112B: 7 Subsections = 1024 buckets. Failed count: 33498
        128B: 6 Subsections = 768 buckets. Failed count: 148063
    [ALLOC_DEFAULT_MAIN]
      Peak usage frame count: [16.0 MB-32.0 MB]: 86 frames, [32.0 MB-64.0 MB]: 145 frames, [64.0 MB-128.0 MB]: 19386 frames
      Requested Block Size 16.0 MB
      Peak Block count 7
      Peak Allocated memory 119.0 MB
      Peak Large allocation bytes 32.0 MB
    [ALLOC_DEFAULT_THREAD]
      Peak usage frame count: [8.0 MB-16.0 MB]: 44 frames, [16.0 MB-32.0 MB]: 19 frames, [32.0 MB-64.0 MB]: 17 frames, [64.0 MB-128.0 MB]: 35 frames, [128.0 MB-256.0 MB]: 76 frames, [256.0 MB-0.50 GB]: 19426 frames
      Requested Block Size 16.0 MB
      Peak Block count 19
      Peak Allocated memory 299.2 MB
      Peak Large allocation bytes 34.7 MB
[ALLOC_TEMP_JOB_1_FRAME]
  Initial Block Size 2.0 MB
  Used Block Count 0
  Overflow Count (too large) 0
  Overflow Count (full) 0
[ALLOC_TEMP_JOB_2_FRAMES]
  Initial Block Size 2.0 MB
  Used Block Count 0
  Overflow Count (too large) 0
  Overflow Count (full) 0
[ALLOC_TEMP_JOB_4_FRAMES (JobTemp)]
  Initial Block Size 2.0 MB
  Used Block Count 1
  Overflow Count (too large) 0
  Overflow Count (full) 0
[ALLOC_TEMP_JOB_ASYNC (Background)]
  Initial Block Size 1.0 MB
  Used Block Count 1
  Overflow Count (too large) 4
  Overflow Count (full) 0
[ALLOC_GFX] Dual Thread Allocator
  Peak main deferred allocation count 20
    [ALLOC_BUCKET]
      Large Block size 4.0 MB
      Used Block count 1
      Peak Allocated bytes 4.0 MB
      Failed Allocations. Bucket layout:
        16B: 2 Subsections = 2048 buckets. Failed count: 547130
        32B: 14 Subsections = 7168 buckets. Failed count: 158721
        48B: 29 Subsections = 9898 buckets. Failed count: 548430
        64B: 47 Subsections = 12032 buckets. Failed count: 185543
        80B: 43 Subsections = 8806 buckets. Failed count: 50857
        96B: 108 Subsections = 18432 buckets. Failed count: 58034
        112B: 7 Subsections = 1024 buckets. Failed count: 33498
        128B: 6 Subsections = 768 buckets. Failed count: 148063
    [ALLOC_GFX_MAIN]
      Peak usage frame count: [32.0 KB-64.0 KB]: 46 frames, [64.0 KB-128.0 KB]: 4 frames, [128.0 KB-256.0 KB]: 5 frames, [256.0 KB-0.5 MB]: 7 frames, [0.5 MB-1.0 MB]: 12 frames, [1.0 MB-2.0 MB]: 25 frames, [2.0 MB-4.0 MB]: 46 frames, [4.0 MB-8.0 MB]: 59 frames, [8.0 MB-16.0 MB]: 8432 frames, [64.0 MB-128.0 MB]: 10981 frames
      Requested Block Size 16.0 MB
      Peak Block count 2
      Peak Allocated memory 100.4 MB
      Peak Large allocation bytes 92.0 MB
    [ALLOC_GFX_THREAD]
      Peak usage frame count: [1.0 KB-2.0 KB]: 1 frames, [0.5 MB-1.0 MB]: 50 frames, [1.0 MB-2.0 MB]: 5 frames, [2.0 MB-4.0 MB]: 3 frames, [4.0 MB-8.0 MB]: 6 frames, [8.0 MB-16.0 MB]: 12 frames, [16.0 MB-32.0 MB]: 25 frames, [32.0 MB-64.0 MB]: 38 frames, [64.0 MB-128.0 MB]: 19442 frames, [128.0 MB-256.0 MB]: 35 frames
      Requested Block Size 16.0 MB
      Peak Block count 9
      Peak Allocated memory 131.8 MB
      Peak Large allocation bytes 0 B
[ALLOC_CACHEOBJECTS] Dual Thread Allocator
  Peak main deferred allocation count 460
    [ALLOC_BUCKET]
      Large Block size 4.0 MB
      Used Block count 1
      Peak Allocated bytes 4.0 MB
      Failed Allocations. Bucket layout:
        16B: 2 Subsections = 2048 buckets. Failed count: 547130
        32B: 14 Subsections = 7168 buckets. Failed count: 158721
        48B: 29 Subsections = 9898 buckets. Failed count: 548430
        64B: 47 Subsections = 12032 buckets. Failed count: 185543
        80B: 43 Subsections = 8806 buckets. Failed count: 50857
        96B: 108 Subsections = 18432 buckets. Failed count: 58034
        112B: 7 Subsections = 1024 buckets. Failed count: 33498
        128B: 6 Subsections = 768 buckets. Failed count: 148063
    [ALLOC_CACHEOBJECTS_MAIN]
      Peak usage frame count: [2.0 MB-4.0 MB]: 1 frames, [16.0 MB-32.0 MB]: 169 frames, [32.0 MB-64.0 MB]: 19447 frames
      Requested Block Size 4.0 MB
      Peak Block count 9
      Peak Allocated memory 61.5 MB
      Peak Large allocation bytes 30.6 MB
    [ALLOC_CACHEOBJECTS_THREAD]
      Peak usage frame count: [64.0 KB-128.0 KB]: 1 frames, [64.0 MB-128.0 MB]: 46 frames, [128.0 MB-256.0 MB]: 47 frames, [256.0 MB-0.50 GB]: 19523 frames
      Requested Block Size 4.0 MB
      Peak Block count 99
      Peak Allocated memory 483.9 MB
      Peak Large allocation bytes 117.6 MB
[ALLOC_TYPETREE] Dual Thread Allocator
  Peak main deferred allocation count 136
    [ALLOC_BUCKET]
      Large Block size 4.0 MB
      Used Block count 1
      Peak Allocated bytes 4.0 MB
      Failed Allocations. Bucket layout:
        16B: 2 Subsections = 2048 buckets. Failed count: 547130
        32B: 14 Subsections = 7168 buckets. Failed count: 158721
        48B: 29 Subsections = 9898 buckets. Failed count: 548430
        64B: 47 Subsections = 12032 buckets. Failed count: 185543
        80B: 43 Subsections = 8806 buckets. Failed count: 50857
        96B: 108 Subsections = 18432 buckets. Failed count: 58034
        112B: 7 Subsections = 1024 buckets. Failed count: 33498
        128B: 6 Subsections = 768 buckets. Failed count: 148063
    [ALLOC_TYPETREE_MAIN]
      Peak usage frame count: [256.0 KB-0.5 MB]: 1418 frames, [1.0 MB-2.0 MB]: 18199 frames
      Requested Block Size 2.0 MB
      Peak Block count 1
      Peak Allocated memory 1.4 MB
      Peak Large allocation bytes 0 B
    [ALLOC_TYPETREE_THREAD]
      Peak usage frame count: [16.0 KB-32.0 KB]: 1 frames, [2.0 MB-4.0 MB]: 7940 frames, [4.0 MB-8.0 MB]: 11676 frames
      Requested Block Size 2.0 MB
      Peak Block count 3
      Peak Allocated memory 4.5 MB
      Peak Large allocation bytes 0 B
